// Jest Snapshot v1, https://goo.gl/fbAQLP

exports[`Author renders correctly 1`] = `
.c0 {
  display: inline-block;
  margin-bottom: 0;
  border-radius: 50%;
  background-clip: padding-box;
}

.c1 {
  font-size: 18px;
  font-weight: 600;
  line-height: 1.828125em;
  margin: 13px 0px;
}

.c2 {
  color: var(--color-text);
}

.c2:hover,
.c2:focus {
  color: var(--color-text);
}

.c3 {
  color: var(--color-gray500);
  line-height: 1.625em;
  margin-bottom: 26px;
}

<div>
  <a
    href="/"
  >
    <img
      alt="test"
      className="c0"
      height="75"
      src="/photo.jpg"
      width="75"
    />
  </a>
  <h2
    className="c1"
  >
    <a
      className="c2"
      href="/"
    >
      test
    </a>
  </h2>
  <p
    className="c3"
  >
    test
  </p>
</div>
`;
