// Jest Snapshot v1, https://goo.gl/fbAQLP

exports[`Pagination renders correctly 1`] = `
.c0 {
  display: -webkit-box;
  display: -webkit-flex;
  display: -ms-flexbox;
  display: flex;
  margin-top: 52px;
}

.c1 {
  width: 50%;
  text-align: left;
}

.c3 {
  width: 50%;
  text-align: right;
}

.c2 {
  color: var(--color-secondary);
  font-size: 26px;
  font-weight: bold;
}

.c2:hover,
.c2:focus {
  color: var(--color-primary);
}

<div
  className="c0"
>
  <div
    className="sc-AxirZ c1"
  >
    <a
      className="c2"
      disabled={false}
      href="/page/1"
      rel="prev"
    >
      ← PREV
    </a>
  </div>
  <div
    className="sc-AxirZ c3"
  >
    <a
      className="c2"
      disabled={false}
      href="/page/3"
      rel="next"
    >
      → NEXT
    </a>
  </div>
</div>
`;
