// Jest Snapshot v1, https://goo.gl/fbAQLP

exports[`Tags renders correctly 1`] = `
.c0 {
  margin-bottom: 13px;
}

.c1 {
  list-style: none;
  margin: 0 -10px;
  padding: 0;
}

.c2 {
  display: inline-block;
  margin: 10px 5px;
}

.c3 {
  display: inline-block;
  height: 35px;
  padding: 0 24px;
  line-height: 35px;
  border: 1px solid var(--color-gray500);
  -webkit-text-decoration: none;
  text-decoration: none;
  border-radius: 20px;
  color: var(--color-text);
}

.c3:hover,
.c3:focus {
  color: var(--color-primary);
}

<div
  className="c0"
>
  <ul
    className="c1"
  >
    <li
      className="c2"
    >
      <a
        className="c3"
        href="/test_0"
      >
        test_0
      </a>
    </li>
    <li
      className="c2"
    >
      <a
        className="c3"
        href="/test_1"
      >
        test_1
      </a>
    </li>
  </ul>
</div>
`;
